\BOOKMARK [1][-]{section.1}{\376\377\000I\000n\000t\000r\000o\000d\000u\000c\000t\000i\000o\000n}{}% 1
\BOOKMARK [1][-]{section.2}{\376\377\000R\000e\000l\000a\000t\000e\000d\000\040\000W\000o\000r\000k}{}% 2
\BOOKMARK [2][-]{subsection.2.1}{\376\377\000M\000a\000s\000s\000i\000v\000e\000\040\000C\000r\000o\000w\000d\000\040\000M\000a\000n\000a\000g\000e\000m\000e\000n\000t\000\040\000a\000n\000d\000\040\000C\000o\000n\000t\000r\000o\000l}{section.2}% 3
\BOOKMARK [2][-]{subsection.2.2}{\376\377\000M\000a\000c\000r\000o\000s\000c\000o\000p\000i\000c\000\040\000C\000r\000o\000w\000d\000\040\000M\000o\000d\000e\000l\000i\000n\000g\000\040\000a\000n\000d\000\040\000C\000u\000r\000r\000e\000n\000t\000\040\000D\000i\000s\000c\000r\000e\000p\000a\000n\000c\000y\000\040\000A\000n\000a\000l\000y\000s\000i\000s}{section.2}% 4
\BOOKMARK [1][-]{section.3}{\376\377\000M\000e\000t\000h\000o\000d\000o\000l\000o\000g\000y}{}% 5
\BOOKMARK [2][-]{subsection.3.1}{\376\377\000P\000r\000o\000b\000l\000e\000m\000\040\000D\000e\000f\000i\000n\000i\000t\000i\000o\000n\000\040\000a\000n\000d\000\040\000O\000v\000e\000r\000a\000l\000l\000\040\000F\000r\000a\000m\000e\000w\000o\000r\000k}{section.3}% 6
\BOOKMARK [2][-]{subsection.3.2}{\376\377\000B\000e\000l\000l\000m\000a\000n\040\023\000C\000o\000n\000s\000e\000r\000v\000a\000t\000i\000o\000n\000-\000L\000a\000w\000\040\000C\000r\000o\000w\000d\000\040\000D\000y\000n\000a\000m\000i\000c\000s}{section.3}% 7
\BOOKMARK [3][-]{subsubsection.3.2.1}{\376\377\000C\000o\000n\000s\000e\000r\000v\000a\000t\000i\000o\000n\000\040\000L\000a\000w\000\040\000a\000n\000d\000\040\000S\000p\000e\000e\000d\000\040\000F\000u\000n\000c\000t\000i\000o\000n}{subsection.3.2}% 8
\BOOKMARK [3][-]{subsubsection.3.2.2}{\376\377\000M\000u\000l\000t\000i\000-\000S\000t\000a\000g\000e\000\040\000M\000u\000l\000t\000i\000-\000R\000o\000u\000t\000e\000\040\000D\000e\000n\000s\000i\000t\000y\000\040\000D\000e\000c\000o\000m\000p\000o\000s\000i\000t\000i\000o\000n}{subsection.3.2}% 9
\BOOKMARK [2][-]{subsection.3.3}{\376\377\000D\000i\000r\000e\000c\000t\000i\000o\000n\000\040\000C\000o\000n\000s\000t\000r\000a\000i\000n\000t\000s\000\040\000a\000n\000d\000\040\000G\000e\000o\000m\000e\000t\000r\000i\000c\000\040\000G\000u\000i\000d\000a\000n\000c\000e}{section.3}% 10
\BOOKMARK [3][-]{subsubsection.3.3.1}{\376\377\000D\000i\000r\000e\000c\000t\000i\000o\000n\000\040\000C\000o\000n\000f\000i\000g\000u\000r\000a\000t\000i\000o\000n\000\040\000V\000a\000r\000i\000a\000b\000l\000e}{subsection.3.3}% 11
\BOOKMARK [3][-]{subsubsection.3.3.2}{\376\377\000A\000n\000i\000s\000o\000t\000r\000o\000p\000i\000c\000\040\000M\000o\000b\000i\000l\000i\000t\000y\000\040\000T\000e\000n\000s\000o\000r}{subsection.3.3}% 12
\BOOKMARK [3][-]{subsubsection.3.3.3}{\376\377\000C\000o\000n\000s\000t\000r\000a\000i\000n\000e\000d\000\040\000B\000e\000l\000l\000m\000a\000n\000\040\000E\000q\000u\000a\000t\000i\000o\000n}{subsection.3.3}% 13
\BOOKMARK [2][-]{subsection.3.4}{\376\377\000I\000n\000t\000e\000r\000n\000a\000l\000\040\000E\000n\000t\000r\000a\000n\000c\000e\000\040\000C\000a\000p\000a\000c\000i\000t\000y\000\040\000C\000o\000n\000t\000r\000o\000l}{section.3}% 14
\BOOKMARK [2][-]{subsection.3.5}{\376\377\000N\000u\000m\000e\000r\000i\000c\000a\000l\000\040\000S\000o\000l\000v\000e\000r\000\040\000a\000n\000d\000\040\000S\000i\000m\000u\000l\000a\000t\000i\000o\000n\000\040\000O\000p\000e\000r\000a\000t\000o\000r}{section.3}% 15
\BOOKMARK [2][-]{subsection.3.6}{\376\377\000E\000v\000a\000l\000u\000a\000t\000i\000o\000n\000\040\000M\000e\000t\000r\000i\000c\000s\000\040\000a\000n\000d\000\040\000O\000p\000t\000i\000m\000i\000z\000a\000t\000i\000o\000n\000\040\000O\000b\000j\000e\000c\000t\000i\000v\000e}{section.3}% 16
\BOOKMARK [3][-]{subsubsection.3.6.1}{\376\377\000E\000f\000f\000i\000c\000i\000e\000n\000c\000y\000,\000\040\000S\000a\000f\000e\000t\000y\000,\000\040\000a\000n\000d\000\040\000L\000o\000a\000d\000\040\000B\000a\000l\000a\000n\000c\000e}{subsection.3.6}% 17
\BOOKMARK [3][-]{subsubsection.3.6.2}{\376\377\000E\000n\000t\000r\000a\000n\000c\000e\000\040\000W\000a\000i\000t\000i\000n\000g\000\040\000a\000n\000d\000\040\000C\000o\000n\000t\000r\000o\000l\000\040\000S\000m\000o\000o\000t\000h\000n\000e\000s\000s}{subsection.3.6}% 18
\BOOKMARK [3][-]{subsubsection.3.6.3}{\376\377\000N\000o\000r\000m\000a\000l\000i\000z\000a\000t\000i\000o\000n\000\040\000a\000n\000d\000\040\000S\000c\000a\000l\000a\000r\000\040\000O\000b\000j\000e\000c\000t\000i\000v\000e\000s}{subsection.3.6}% 19
\BOOKMARK [2][-]{subsection.3.7}{\376\377\000H\000i\000e\000r\000a\000r\000c\000h\000i\000c\000a\000l\000\040\000C\000o\000n\000s\000t\000r\000a\000i\000n\000e\000d\000\040\000M\000i\000x\000e\000d\000-\000V\000a\000r\000i\000a\000b\000l\000e\000\040\000B\000l\000a\000c\000k\000-\000B\000o\000x\000\040\000O\000p\000t\000i\000m\000i\000z\000a\000t\000i\000o\000n}{section.3}% 20
\BOOKMARK [3][-]{subsubsection.3.7.1}{\376\377\000D\000i\000r\000e\000c\000t\000i\000o\000n\000\040\000C\000a\000n\000d\000i\000d\000a\000t\000e\000s\000\040\000a\000n\000d\000\040\000C\000a\000p\000a\000c\000i\000t\000y\000\040\000P\000a\000r\000a\000m\000e\000t\000e\000r\000i\000z\000a\000t\000i\000o\000n}{subsection.3.7}% 21
\BOOKMARK [3][-]{subsubsection.3.7.2}{\376\377\000S\000t\000r\000u\000c\000t\000u\000r\000e\000d\000\040\000C\000a\000p\000a\000c\000i\000t\000y\000\040\000S\000e\000a\000r\000c\000h}{subsection.3.7}% 22
\BOOKMARK [3][-]{subsubsection.3.7.3}{\376\377\000H\000i\000g\000h\000-\000F\000i\000d\000e\000l\000i\000t\000y\000\040\000R\000e\000c\000h\000e\000c\000k\000i\000n\000g\000\040\000a\000n\000d\000\040\000F\000i\000n\000a\000l\000\040\000S\000e\000l\000e\000c\000t\000i\000o\000n}{subsection.3.7}% 23
\BOOKMARK [1][-]{section.4}{\376\377\000N\000u\000m\000e\000r\000i\000c\000a\000l\000\040\000E\000x\000p\000e\000r\000i\000m\000e\000n\000t\000s}{}% 24
\BOOKMARK [2][-]{subsection.4.1}{\376\377\000E\000x\000p\000e\000r\000i\000m\000e\000n\000t\000a\000l\000\040\000S\000e\000t\000u\000p}{section.4}% 25
\BOOKMARK [2][-]{subsection.4.2}{\376\377\000M\000e\000c\000h\000a\000n\000i\000s\000m\000\040\000V\000a\000l\000i\000d\000a\000t\000i\000o\000n}{section.4}% 26
\BOOKMARK [2][-]{subsection.4.3}{\376\377\000D\000i\000r\000e\000c\000t\000i\000o\000n\000a\000l\000-\000C\000o\000n\000t\000r\000o\000l\000\040\000R\000e\000s\000p\000o\000n\000s\000e}{section.4}% 27
\BOOKMARK [2][-]{subsection.4.4}{\376\377\000E\000n\000t\000r\000a\000n\000c\000e\000-\000R\000a\000t\000e\000\040\000R\000e\000s\000p\000o\000n\000s\000e}{section.4}% 28
\BOOKMARK [2][-]{subsection.4.5}{\376\377\000H\000o\000r\000i\000z\000o\000n\000t\000a\000l\000\040\000O\000p\000t\000i\000m\000i\000z\000a\000t\000i\000o\000n\000\040\000C\000o\000m\000p\000a\000r\000i\000s\000o\000n}{section.4}% 29
\BOOKMARK [2][-]{subsection.4.6}{\376\377\000H\000C\000M\000B\000O\000\040\000A\000b\000l\000a\000t\000i\000o\000n}{section.4}% 30
\BOOKMARK [2][-]{subsection.4.7}{\376\377\000T\000r\000a\000n\000s\000f\000e\000r\000\040\000V\000a\000l\000i\000d\000a\000t\000i\000o\000n\000\040\000o\000n\000\040\000a\000\040\000B\000u\000n\000d\000-\000I\000n\000s\000p\000i\000r\000e\000d\000\040\000S\000c\000e\000n\000a\000r\000i\000o}{section.4}% 31
\BOOKMARK [1][-]{section.5}{\376\377\000C\000o\000n\000c\000l\000u\000s\000i\000o\000n}{}% 32
\BOOKMARK [1][-]{section*.2}{\376\377\000R\000e\000f\000e\000r\000e\000n\000c\000e\000s}{}% 33
\BOOKMARK [1][-]{IEEEbiography.0}{\376\377\000B\000i\000o\000g\000r\000a\000p\000h\000i\000e\000s}{}% 34
\BOOKMARK [2][-]{IEEEbiography.1}{\376\377\000B\000i\000n\000g\000y\000u\000\040\000W\000e\000i}{IEEEbiography.0}% 35
\BOOKMARK [2][-]{IEEEbiography.2}{\376\377\000C\000u\000i\000l\000i\000n\000g\000\040\000L\000i}{IEEEbiography.0}% 36
\BOOKMARK [2][-]{IEEEbiography.3}{\376\377\000R\000o\000n\000g\000y\000o\000n\000g\000\040\000Z\000h\000a\000o}{IEEEbiography.0}% 37
\BOOKMARK [2][-]{IEEEbiography.4}{\376\377\000Z\000h\000e\000n\000g\000y\000a\000n\000g\000\040\000S\000h\000i}{IEEEbiography.0}% 38
\BOOKMARK [2][-]{IEEEbiography.5}{\376\377\000L\000i\000\040\000C\000h\000e\000n}{IEEEbiography.0}% 39
\BOOKMARK [2][-]{IEEEbiography.6}{\376\377\000Y\000u\000x\000i\000n\000\040\000C\000a\000i}{IEEEbiography.0}% 40
\BOOKMARK [2][-]{IEEEbiography.7}{\376\377\000L\000i\000n\000g\000c\000h\000e\000n\000\040\000H\000a\000n}{IEEEbiography.0}% 41
